A = <digit> "b"  ;
A_renamed = <digit> B  ;
B = "b"  ;


