A = "a"  ;
B = H  ;
C = E  ;
E = C  | S  ;
G = G  ;
H =  | "h"  ;
S = (C (E)* "F")?  | (G)+  | A B  ;
