A = B  | S_prime  ;
B = "b"  ;
S = S_prime  ;
S_prime = A X0  | U_a  | U_a B  | X0  ;
U_a = "a"  ;
X0 = S_prime  | S_prime A  ;