A =  | "foo"  | B  | B B  ;
B = "a"  | "b"  ;
C = ("a" "b")?  | ("b")*  | ("b")?  | (("a" "b")?)+  ;
S = "x"  ;
