function <IDENTIFIER_NAME> ( ) { var <IDENTIFIER_NAME> = <IDENTIFIER_NAME> . <IDENTIFIER_NAME> ( <STRING_LITERAL> ) ; <IDENTIFIER_NAME> . <IDENTIFIER_NAME> ( <DECIMAL_LITERAL> ) . <IDENTIFIER_NAME> ( <STRING_LITERAL> , <IDENTIFIER_NAME> ) ; <IDENTIFIER_NAME> . <IDENTIFIER_NAME> = <STRING_LITERAL> ; <DECIMAL_LITERAL> }
