A = B  | S  ;
B =  | "b"  ;
S = A X0  | U_a B  ;
U_a = "a"  ;
X0 = S A  ;